// Jest Snapshot v1, https://goo.gl/fbAQLP

exports[`babel-plugin-lingui-transform-react validation Date/Number value must be a variable 1`] = `"packages/babel-plugin-lingui-transform-react/test/fixtures/nested-components/actual.js: Value argument is missing."`;

exports[`babel-plugin-lingui-transform-react validation Date/Number value must be a variable 2`] = `"packages/babel-plugin-lingui-transform-react/test/fixtures/nested-components/actual.js: Value must be a variable."`;

exports[`babel-plugin-lingui-transform-react validation Plural/Select/SelectOrdinal offset must be number or string, not variable 1`] = `"packages/babel-plugin-lingui-transform-react/test/fixtures/nested-components/actual.js: Offset argument cannot be a variable."`;

exports[`babel-plugin-lingui-transform-react validation Plural/Select/SelectOrdinal plural forms are missing 1`] = `"packages/babel-plugin-lingui-transform-react/test/fixtures/nested-components/actual.js: Missing plural choices. At least fallback argument 'other' is required."`;

exports[`babel-plugin-lingui-transform-react validation Plural/Select/SelectOrdinal plural forms are missing 2`] = `"packages/babel-plugin-lingui-transform-react/test/fixtures/nested-components/actual.js: Missing select choices. At least fallback argument 'other' is required."`;

exports[`babel-plugin-lingui-transform-react validation Plural/Select/SelectOrdinal plural forms are missing 3`] = `"packages/babel-plugin-lingui-transform-react/test/fixtures/nested-components/actual.js: Missing selectordinal choices. At least fallback argument 'other' is required."`;

exports[`babel-plugin-lingui-transform-react validation Plural/Select/SelectOrdinal plural forms missing fallback 1`] = `"packages/babel-plugin-lingui-transform-react/test/fixtures/nested-components/actual.js: Missing fallback argument 'other'."`;

exports[`babel-plugin-lingui-transform-react validation Plural/Select/SelectOrdinal plural forms missing fallback 2`] = `"packages/babel-plugin-lingui-transform-react/test/fixtures/nested-components/actual.js: Missing fallback argument 'other'."`;

exports[`babel-plugin-lingui-transform-react validation Plural/Select/SelectOrdinal plural forms missing fallback 3`] = `"packages/babel-plugin-lingui-transform-react/test/fixtures/nested-components/actual.js: Missing fallback argument 'other'."`;

exports[`babel-plugin-lingui-transform-react validation Plural/Select/SelectOrdinal plural rules must be valid 1`] = `"packages/babel-plugin-lingui-transform-react/test/fixtures/nested-components/actual.js: Invalid plural rule 'three'. Must be zero, one, two, few, many, other or exact number depending on your source language ('one' and 'other' for English)."`;

exports[`babel-plugin-lingui-transform-react validation Plural/Select/SelectOrdinal plural rules must be valid 2`] = `"packages/babel-plugin-lingui-transform-react/test/fixtures/nested-components/actual.js: Invalid plural rule 'three'. Must be zero, one, two, few, many, other or exact number depending on your source language ('one' and 'other' for English)."`;

exports[`babel-plugin-lingui-transform-react validation Plural/Select/SelectOrdinal value is missing 1`] = `"packages/babel-plugin-lingui-transform-react/test/fixtures/nested-components/actual.js: Value argument is missing."`;

exports[`babel-plugin-lingui-transform-react validation Plural/Select/SelectOrdinal value must be a variable 1`] = `"packages/babel-plugin-lingui-transform-react/test/fixtures/nested-components/actual.js: Value must be a variable."`;
