// Jest Snapshot v1, https://goo.gl/fbAQLP

exports[`Children should render 1`] = `
<Component
  locale="cs"
>
  <I18nProvider
    i18n={
      Object {
        "_catalogs": Object {
          "cs": Object {
            "localeData": Object {
              "plurals": [Function],
            },
            "messages": Object {
              "Full content of {articleName}": "Celé znění článku {articleName}",
              "Hello World": "Ahoj světe",
              "My name is {name}": "Jmenuji se {name}",
              "Read <0>more</0>": "Číst <0>dále</0>",
              "msg.label": "Nápis",
              "{genderOfHost, select, female {{numGuests, plural, offset:1 =0 {{host} does not give a party.} =1 {{host} invites {guest} to her party.} one {{host} invites {guest} and one other person to her party.} other {{host} invites {guest} and # other people to her party.}}} male {{numGuests, plural, offset:1 =0 {{host} does not give a party.} =1 {{host} invites {guest} to his party.} one {{host} invites {guest} and one other person to her party.} other {{host} invites {guest} and # other people to her party.}}} other {{numGuests, plural, offset:1 =0 {{host} does not give a party.} =1 {{host} invites {guest} to their party.} one {{host} invites {guest} and one other person to her party.} other {{host} invites {guest} and # other people to her party.}}}}": "{genderOfHost, select, female {{numGuests, plural, offset:1 =0 {{host} nepořádá oslavu.} =1 {{host} pozvala {guest} na její oslavu.} one {{host} pozvala {guest} a dalšího hosta na její oslavu.} few {{host} pozvala {guest} a # další hosty na její oslavu.} other {{host} pozvala {guest} a # dalších hostů na její oslavu.}}} other {{numGuests, plural, offset:1 =0 {{host} nepořádá oslavu.} =1 {{host} pozval {guest} na jeho oslavu.} one {{host} pozval {guest} a dalšího hosta na jeho oslavu.} few {{host} pozval {guest} a # další hosty na jeho oslavu} other {{host} pozval {guest} a # dalších hostů na jeho poslavu.}}}}",
            },
          },
          "en": Object {
            "localeData": Object {},
            "messages": Object {},
          },
        },
        "_dev": Object {
          "compile": [Function],
          "loadLocaleData": [Function],
        },
        "_didActivate": Array [
          [Function],
        ],
        "_locale": "cs",
        "_locales": undefined,
        "_willActivate": Array [],
      }
    }
  >
    <Children>
      <div>
        <ul>
          <li
            className="untranslated"
          >
            <Trans$$1
              id="This isn't translated"
            >
              This isn't translated
            </Trans$$1>
          </li>
          <li
            className="customId"
          >
            <Trans$$1
              id="msg.label"
            >
              Nápis
            </Trans$$1>
          </li>
          <li
            className="translated"
          >
            <Trans$$1
              id="Hello World"
            >
              Ahoj světe
            </Trans$$1>
          </li>
          <li
            className="variable"
          >
            <Trans$$1
              id="My name is {name}"
              values={
                Object {
                  "name": "Mononoke",
                }
              }
            >
              Jmenuji se Mononoke
            </Trans$$1>
          </li>
          <li
            className="components"
          >
            <Trans$$1
              components={
                Array [
                  <a
                    href="/mononoke"
                  />,
                ]
              }
              id="Read <0>more</0>."
            >
              Read 
              <a
                href="/mononoke"
                key="0"
              >
                more
              </a>
              .
            </Trans$$1>
          </li>
          <li
            className="plural"
          >
            <Trans$$1
              id="{genderOfHost, select, female {{numGuests, plural, offset:1 =0 {{host} does not give a party.} =1 {{host} invites {guest} to her party.} one {{host} invites {guest} and one other person to her party.} other {{host} invites {guest} and # other people to her party.}}} male {{numGuests, plural, offset:1 =0 {{host} does not give a party.} =1 {{host} invites {guest} to his party.} one {{host} invites {guest} and one other person to her party.} other {{host} invites {guest} and # other people to her party.}}} other {{numGuests, plural, offset:1 =0 {{host} does not give a party.} =1 {{host} invites {guest} to their party.} one {{host} invites {guest} and one other person to her party.} other {{host} invites {guest} and # other people to her party.}}}}"
              values={
                Object {
                  "genderOfHost": "female",
                  "guest": "Fred",
                  "host": "Wilma",
                  "numGuests": 2,
                }
              }
            >
              Wilma pozvala Fred a dalšího hosta na její oslavu.
            </Trans$$1>
          </li>
          <li>
            <Trans$$1
              id="My name is {name}"
              render={
                <p
                  className="render-element"
                />
              }
              values={
                Object {
                  "name": "Mononoke",
                }
              }
            >
              <p
                className="render-element"
              >
                Jmenuji se Mononoke
              </p>
            </Trans$$1>
            <Trans$$1
              id="My name is {name}"
              render={[Function]}
              values={
                Object {
                  "name": "Mononoke",
                }
              }
            >
              <p
                className="render-component"
              >
                Jmenuji se Mononoke
              </p>
            </Trans$$1>
          </li>
        </ul>
      </div>
    </Children>
  </I18nProvider>
</Component>
`;

exports[`Children should render without provider 1`] = `

<div>
  <ul>
    <li class="untranslated">
      This isn't translated
    </li>
    <li class="customId">
      msg.label
    </li>
    <li class="translated">
      Hello World
    </li>
    <li class="variable">
      My name is {name}
    </li>
    <li class="components">
      Read
      <a href="/mononoke">
        more
      </a>
      .
    </li>
    <li class="plural">
      {genderOfHost, select, female {{numGuests, plural, offset:1 =0 {{host} does not give a party.} =1 {{host} invites {guest} to her party.} one {{host} invites {guest} and one other person to her party.} other {{host} invites {guest} and # other people to her party.}}} male {{numGuests, plural, offset:1 =0 {{host} does not give a party.} =1 {{host} invites {guest} to his party.} one {{host} invites {guest} and one other person to her party.} other {{host} invites {guest} and # other people to her party.}}} other {{numGuests, plural, offset:1 =0 {{host} does not give a party.} =1 {{host} invites {guest} to their party.} one {{host} invites {guest} and one other person to her party.} other {{host} invites {guest} and # other people to her party.}}}}
    </li>
    <li>
      <p class="render-element">
        My name is {name}
      </p>
      <p class="render-component">
        My name is {name}
      </p>
    </li>
  </ul>
</div>

`;

exports[`Children should support nested elements 1`] = `

<li class="components">
  Read
  <a href="/mononoke">
    more
  </a>
  .
</li>

`;
