exports[`example-usecase should render 1`] = `
<Component
  language="cs"
  messages={
    Object {
      "cs": Object {
        "Full content of {articleName}": "Celé znění článku {articleName}",
        "Hello World": "Ahoj světe",
        "My name is {name}": "Jmenuji se {name}",
        "Read <0>more</0>": "Číst <0>dále</0>",
        "msg.label": "Nápis",
      },
      "fr": Object {
        "Hello World": "Salut le monde!",
        "My name is {name}": "Je m\'appelle {name}",
        "msg.label": "Label",
      },
    }
  }>
  <I18nProvider
    language="cs"
    messages={
      Object {
        "cs": Object {
          "Full content of {articleName}": "Celé znění článku {articleName}",
          "Hello World": "Ahoj světe",
          "My name is {name}": "Jmenuji se {name}",
          "Read <0>more</0>": "Číst <0>dále</0>",
          "msg.label": "Nápis",
        },
        "fr": Object {
          "Hello World": "Salut le monde!",
          "My name is {name}": "Je m\'appelle {name}",
          "msg.label": "Label",
        },
      }
    }>
    <NeverUpdate>
      <div>
        <UsecaseView>
          <div>
            <ul>
              <li>
                <WithI18n
                  className="untranslated"
                  id="This isn\'t translated">
                  <Trans
                    className="untranslated"
                    i18n={
                      I18n {
                        "_language": "cs",
                        "_messages": Object {
                          "cs": Object {
                            "Full content of {articleName}": "Celé znění článku {articleName}",
                            "Hello World": "Ahoj světe",
                            "My name is {name}": "Jmenuji se {name}",
                            "Read <0>more</0>": "Číst <0>dále</0>",
                            "msg.label": "Nápis",
                          },
                          "fr": Object {
                            "Hello World": "Salut le monde!",
                            "My name is {name}": "Je m\'appelle {name}",
                            "msg.label": "Label",
                          },
                        },
                        "plural": [Function],
                        "select": [Function],
                        "t": [Function],
                      }
                    }
                    id="This isn\'t translated">
                    <span
                      className="untranslated">
                      This isn\'t translated
                    </span>
                  </Trans>
                </WithI18n>
              </li>
              <li>
                <WithI18n
                  className="customId"
                  defaults=""
                  id="msg.label">
                  <Trans
                    className="customId"
                    defaults=""
                    i18n={
                      I18n {
                        "_language": "cs",
                        "_messages": Object {
                          "cs": Object {
                            "Full content of {articleName}": "Celé znění článku {articleName}",
                            "Hello World": "Ahoj světe",
                            "My name is {name}": "Jmenuji se {name}",
                            "Read <0>more</0>": "Číst <0>dále</0>",
                            "msg.label": "Nápis",
                          },
                          "fr": Object {
                            "Hello World": "Salut le monde!",
                            "My name is {name}": "Je m\'appelle {name}",
                            "msg.label": "Label",
                          },
                        },
                        "plural": [Function],
                        "select": [Function],
                        "t": [Function],
                      }
                    }
                    id="msg.label">
                    <span
                      className="customId">
                      Nápis
                    </span>
                  </Trans>
                </WithI18n>
              </li>
              <li>
                <WithI18n
                  className="translated"
                  id="Hello World">
                  <Trans
                    className="translated"
                    i18n={
                      I18n {
                        "_language": "cs",
                        "_messages": Object {
                          "cs": Object {
                            "Full content of {articleName}": "Celé znění článku {articleName}",
                            "Hello World": "Ahoj světe",
                            "My name is {name}": "Jmenuji se {name}",
                            "Read <0>more</0>": "Číst <0>dále</0>",
                            "msg.label": "Nápis",
                          },
                          "fr": Object {
                            "Hello World": "Salut le monde!",
                            "My name is {name}": "Je m\'appelle {name}",
                            "msg.label": "Label",
                          },
                        },
                        "plural": [Function],
                        "select": [Function],
                        "t": [Function],
                      }
                    }
                    id="Hello World">
                    <span
                      className="translated">
                      Ahoj světe
                    </span>
                  </Trans>
                </WithI18n>
              </li>
              <li>
                <WithI18n
                  className="variable"
                  id="My name is {name}"
                  params={
                    Object {
                      "name": "Mononoke",
                    }
                  }>
                  <Trans
                    className="variable"
                    i18n={
                      I18n {
                        "_language": "cs",
                        "_messages": Object {
                          "cs": Object {
                            "Full content of {articleName}": "Celé znění článku {articleName}",
                            "Hello World": "Ahoj světe",
                            "My name is {name}": "Jmenuji se {name}",
                            "Read <0>more</0>": "Číst <0>dále</0>",
                            "msg.label": "Nápis",
                          },
                          "fr": Object {
                            "Hello World": "Salut le monde!",
                            "My name is {name}": "Je m\'appelle {name}",
                            "msg.label": "Label",
                          },
                        },
                        "plural": [Function],
                        "select": [Function],
                        "t": [Function],
                      }
                    }
                    id="My name is {name}"
                    params={
                      Object {
                        "name": "Mononoke",
                      }
                    }>
                    <span
                      className="variable">
                      Jmenuji se Mononoke
                    </span>
                  </Trans>
                </WithI18n>
              </li>
              <li>
                <WithI18n
                  className="components"
                  components={
                    Array [
                      <a
                        href="/mononoke" />,
                    ]
                  }
                  id="Read <0>more</0>.">
                  <Trans
                    className="components"
                    components={
                      Array [
                        <a
                          href="/mononoke" />,
                      ]
                    }
                    i18n={
                      I18n {
                        "_language": "cs",
                        "_messages": Object {
                          "cs": Object {
                            "Full content of {articleName}": "Celé znění článku {articleName}",
                            "Hello World": "Ahoj světe",
                            "My name is {name}": "Jmenuji se {name}",
                            "Read <0>more</0>": "Číst <0>dále</0>",
                            "msg.label": "Nápis",
                          },
                          "fr": Object {
                            "Hello World": "Salut le monde!",
                            "My name is {name}": "Je m\'appelle {name}",
                            "msg.label": "Label",
                          },
                        },
                        "plural": [Function],
                        "select": [Function],
                        "t": [Function],
                      }
                    }
                    id="Read <0>more</0>.">
                    <span
                      className="components">
                      Read 
                      <a
                        href="/mononoke">
                        more
                      </a>
                      .
                    </span>
                  </Trans>
                </WithI18n>
              </li>
              <li>
                <WithI18n
                  className="plural"
                  id="{genderOfHost, select, female {{numGuests, plural, offset:1 =0 {{host} does not give a party.} =1 {{host} invites {guest} to her party.} =2 {{host} invites {guest} and one other person to her party.} other {{host} invites {guest} and # other people to her party.}}} male {{numGuests, plural, offset:1 =0 {{host} does not give a party.} =1 {{host} invites {guest} to his party.} =2 {{host} invites {guest} and one other person to her party.} other {{host} invites {guest} and # other people to her party.}}} other {{numGuests, plural, offset:1 =0 {{host} does not give a party.} =1 {{host} invites {guest} to their party.} =2 {{host} invites {guest} and one other person to her party.} other {{host} invites {guest} and # other people to her party.}}}}"
                  params={
                    Object {
                      "genderOfHost": "female",
                      "guest": "Fred",
                      "host": "Wilma",
                      "numGuests": 4,
                    }
                  }>
                  <Trans
                    className="plural"
                    i18n={
                      I18n {
                        "_language": "cs",
                        "_messages": Object {
                          "cs": Object {
                            "Full content of {articleName}": "Celé znění článku {articleName}",
                            "Hello World": "Ahoj světe",
                            "My name is {name}": "Jmenuji se {name}",
                            "Read <0>more</0>": "Číst <0>dále</0>",
                            "msg.label": "Nápis",
                          },
                          "fr": Object {
                            "Hello World": "Salut le monde!",
                            "My name is {name}": "Je m\'appelle {name}",
                            "msg.label": "Label",
                          },
                        },
                        "plural": [Function],
                        "select": [Function],
                        "t": [Function],
                      }
                    }
                    id="{genderOfHost, select, female {{numGuests, plural, offset:1 =0 {{host} does not give a party.} =1 {{host} invites {guest} to her party.} =2 {{host} invites {guest} and one other person to her party.} other {{host} invites {guest} and # other people to her party.}}} male {{numGuests, plural, offset:1 =0 {{host} does not give a party.} =1 {{host} invites {guest} to his party.} =2 {{host} invites {guest} and one other person to her party.} other {{host} invites {guest} and # other people to her party.}}} other {{numGuests, plural, offset:1 =0 {{host} does not give a party.} =1 {{host} invites {guest} to their party.} =2 {{host} invites {guest} and one other person to her party.} other {{host} invites {guest} and # other people to her party.}}}}"
                    params={
                      Object {
                        "genderOfHost": "female",
                        "guest": "Fred",
                        "host": "Wilma",
                        "numGuests": 4,
                      }
                    }>
                    <span
                      className="plural">
                      Wilma invites Fred and 3 other people to her party.
                    </span>
                  </Trans>
                </WithI18n>
              </li>
            </ul>
          </div>
        </UsecaseView>
      </div>
    </NeverUpdate>
  </I18nProvider>
</Component>
`;

exports[`example-usecase should support nested elements 1`] = `"<span class=\"components\"><!-- react-text: 14 -->Read <!-- /react-text --><a href=\"/mononoke\">more</a><!-- react-text: 16 -->.<!-- /react-text --></span>"`;
