exports[`babel-plugin-lingui-extract-messages should extract all messages from JS files (integration) 1`] = `
Object {
  "msg.hello": Object {
    "origin": Array [
      Array [
        "packages/babel-plugin-lingui-extract-messages/test/fixtures/js/integration.js",
        null,
      ],
    ],
  },
}
`;

exports[`babel-plugin-lingui-extract-messages should extract all messages from JS files 1`] = `
Object {
  "msg.default": Object {
    "defaults": "Hello World",
    "origin": Array [
      Array [
        "packages/babel-plugin-lingui-extract-messages/test/fixtures/js/all.js",
        5,
      ],
      Array [
        "packages/babel-plugin-lingui-extract-messages/test/fixtures/js/all.js",
        6,
      ],
    ],
  },
  "msg.hello": Object {
    "origin": Array [
      Array [
        "packages/babel-plugin-lingui-extract-messages/test/fixtures/js/all.js",
        4,
      ],
    ],
  },
  "{count, plural, one {# book} other {# books}}": Object {
    "origin": Array [
      Array [
        "packages/babel-plugin-lingui-extract-messages/test/fixtures/js/all.js",
        7,
      ],
    ],
  },
}
`;

exports[`babel-plugin-lingui-extract-messages should extract all messages from JSX files (integration) 1`] = `
Object {
  "Hello World": Object {
    "origin": Array [
      Array [
        "packages/babel-plugin-lingui-extract-messages/test/fixtures/jsx/integration.js",
        2,
      ],
    ],
  },
  "Hi, my name is {name}": Object {
    "origin": Array [
      Array [
        "packages/babel-plugin-lingui-extract-messages/test/fixtures/jsx/integration.js",
        3,
      ],
    ],
  },
  "Title": Object {
    "origin": Array [
      Array [
        "packages/babel-plugin-lingui-extract-messages/test/fixtures/jsx/integration.js",
        null,
      ],
    ],
  },
  "{undefined, plural, count {undefined} one {# book} others {# books}}": Object {
    "origin": Array [
      Array [
        "packages/babel-plugin-lingui-extract-messages/test/fixtures/jsx/integration.js",
        null,
      ],
    ],
  },
}
`;

exports[`babel-plugin-lingui-extract-messages should extract all messages from JSX files 1`] = `
Object {
  "Hi, my name is <0>{name}</0>": Object {
    "origin": Array [
      Array [
        "packages/babel-plugin-lingui-extract-messages/test/fixtures/jsx/all.js",
        5,
      ],
    ],
  },
  "msg.default": Object {
    "defaults": "Hello World",
    "origin": Array [
      Array [
        "packages/babel-plugin-lingui-extract-messages/test/fixtures/jsx/all.js",
        3,
      ],
      Array [
        "packages/babel-plugin-lingui-extract-messages/test/fixtures/jsx/all.js",
        4,
      ],
    ],
  },
  "msg.hello": Object {
    "origin": Array [
      Array [
        "packages/babel-plugin-lingui-extract-messages/test/fixtures/jsx/all.js",
        2,
      ],
    ],
  },
  "{count, plural, one {# book} other {# books}}": Object {
    "origin": Array [
      Array [
        "packages/babel-plugin-lingui-extract-messages/test/fixtures/jsx/all.js",
        6,
      ],
    ],
  },
}
`;
